// Jest Snapshot v1, https://goo.gl/fbAQLP

exports[`Tests for component <Select /> Take Snapshot 1`] = `
<DocumentFragment>
  <div
    class="MuiFormControl-root MuiFormControl-fullWidth css-3lxuvf-MuiFormControl-root"
  >
    <label
      class="MuiInputLabel-root MuiInputLabel-formControl MuiInputLabel-animated MuiInputLabel-filled MuiFormLabel-root MuiFormLabel-colorPrimary css-e4w4as-MuiFormLabel-root-MuiInputLabel-root"
      data-shrink="false"
      id="label-select"
    >
      Select option
    </label>
    <div
      class="MuiFilledInput-root MuiFilledInput-underline MuiInputBase-root MuiInputBase-colorPrimary MuiInputBase-formControl css-cio0x1-MuiInputBase-root-MuiFilledInput-root"
    >
      <div
        aria-expanded="false"
        aria-haspopup="listbox"
        aria-labelledby="label-select mui-component-select-select"
        class="MuiSelect-select MuiSelect-filled MuiFilledInput-input MuiInputBase-input css-d9oaum-MuiSelect-select-MuiInputBase-input-MuiFilledInput-input"
        id="mui-component-select-select"
        role="button"
        tabindex="0"
      >
        <span
          class="notranslate"
        >
          â€‹
        </span>
      </div>
      <input
        aria-hidden="true"
        class="MuiSelect-nativeInput css-yf8vq0-MuiSelect-nativeInput"
        name="select"
        tabindex="-1"
        value=""
      />
      <svg
        aria-hidden="true"
        class="MuiSvgIcon-root MuiSvgIcon-fontSizeMedium MuiSelect-icon MuiSelect-iconFilled css-hfutr2-MuiSvgIcon-root-MuiSelect-icon"
        data-testid="ArrowDropDownIcon"
        focusable="false"
        viewBox="0 0 24 24"
      >
        <path
          d="M7 10l5 5 5-5z"
        />
      </svg>
    </div>
  </div>
</DocumentFragment>
`;
